// Jest Snapshot v1, https://goo.gl/fbAQLP

exports[`functions.test.ts Functions snapshot ensure there are no unexpected changes to the functions exports 1`] = `
Object {
  "cancelCollectInputs": [Function],
  "cancelCollectPaymentMethod": [Function],
  "cancelCollectRefundPaymentMethod": [Function],
  "cancelCollectSetupIntent": [Function],
  "cancelDiscovering": [Function],
  "cancelInstallingUpdate": [Function],
  "cancelPaymentIntent": [Function],
  "cancelSetupIntent": [Function],
  "clearCachedCredentials": [Function],
  "clearReaderDisplay": [Function],
  "collectInputs": [Function],
  "collectPaymentMethod": [Function],
  "collectRefundPaymentMethod": [Function],
  "collectSetupIntentPaymentMethod": [Function],
  "confirmPaymentIntent": [Function],
  "confirmRefund": [Function],
  "confirmSetupIntent": [Function],
  "connectBluetoothReader": [Function],
  "connectHandoffReader": [Function],
  "connectInternetReader": [Function],
  "connectLocalMobileReader": [Function],
  "connectUsbReader": [Function],
  "createPaymentIntent": [Function],
  "createSetupIntent": [Function],
  "disconnectReader": [Function],
  "discoverReaders": [Function],
  "getLocations": [Function],
  "getOfflineStatus": [Function],
  "getReaderSettings": [Function],
  "initialize": [Function],
  "installAvailableUpdate": [Function],
  "rebootReader": [Function],
  "retrievePaymentIntent": [Function],
  "retrieveSetupIntent": [Function],
  "setConnectionToken": [Function],
  "setReaderDisplay": [Function],
  "setReaderSettings": [Function],
  "setSimulatedCard": [Function],
  "simulateReaderUpdate": [Function],
}
`;
